{
  "version": "1.5.44",
  "plugins_used": [
    {
      "name": "ArtifactoryDetector"
    },
    {
      "name": "AWSKeyDetector"
    },
    {
      "name": "AzureStorageKeyDetector"
    },
    {
      "name": "Base64HighEntropyString",
      "limit": 4.5
    },
    {
      "name": "BasicAuthDetector"
    },
    {
      "name": "CloudantDetector"
    },
    {
      "name": "DiscordBotTokenDetector"
    },
    {
      "name": "GitHubTokenDetector"
    },
    {
      "name": "HexHighEntropyString",
      "limit": 3.0
    },
    {
      "name": "IbmCloudIamDetector"
    },
    {
      "name": "IbmCosHmacDetector"
    },
    {
      "name": "JwtTokenDetector"
    },
    {
      "name": "KeywordDetector",
      "keyword_exclude": ""
    },
    {
      "name": "MailchimpDetector"
    },
    {
      "name": "NpmDetector"
    },
    {
      "name": "PrivateKeyDetector"
    },
    {
      "name": "SendGridDetector"
    },
    {
      "name": "SlackDetector"
    },
    {
      "name": "SoftlayerDetector"
    },
    {
      "name": "SquareOAuthDetector"
    },
    {
      "name": "StripeDetector"
    },
    {
      "name": "TwilioKeyDetector"
    }
  ],
  "filters_used": [
    {
      "path": "detect_secrets.filters.allowlist.is_line_allowlisted"
    },
    {
      "path": "detect_secrets.filters.common.is_baseline_file",
      "filename": ".secrets.baseline"
    },
    {
      "path": "detect_secrets.filters.common.is_ignored_due_to_verification_policies",
      "min_level": 2
    },
    {
      "path": "detect_secrets.filters.heuristic.is_indirect_reference"
    },
    {
      "path": "detect_secrets.filters.heuristic.is_likely_id_string"
    },
    {
      "path": "detect_secrets.filters.heuristic.is_lock_file"
    },
    {
      "path": "detect_secrets.filters.heuristic.is_not_alphanumeric_string"
    },
    {
      "path": "detect_secrets.filters.heuristic.is_potential_uuid"
    },
    {
      "path": "detect_secrets.filters.heuristic.is_prefixed_with_dollar_sign"
    },
    {
      "path": "detect_secrets.filters.heuristic.is_sequential_string"
    },
    {
      "path": "detect_secrets.filters.heuristic.is_swagger_file"
    },
    {
      "path": "detect_secrets.filters.heuristic.is_templated_secret"
    },
    {
      "path": "detect_secrets.filters.regex.should_exclude_file",
      "pattern": [
        "tests/.*|.*_test\\.go$|testdata/.*"
      ]
    }
  ],
  "results": {
    "README.md": [
      {
        "type": "Secret Keyword",
        "filename": "README.md",
        "hashed_secret": "ec3810e10fb78db55ce38b9c18d1c3eb1db739e0",
        "is_verified": false,
        "line_number": 20
      }
    ],
    "REPO.md": [
      {
        "type": "Secret Keyword",
        "filename": "REPO.md",
        "hashed_secret": "ec3810e10fb78db55ce38b9c18d1c3eb1db739e0",
        "is_verified": false,
        "line_number": 126
      }
    ],
    "cmd/synthesize/main.go": [
      {
        "type": "Secret Keyword",
        "filename": "cmd/synthesize/main.go",
        "hashed_secret": "045e9a5874c1ea9d85aa166d12e7e01ef37fcdce",
        "is_verified": false,
        "line_number": 211
      },
      {
        "type": "Secret Keyword",
        "filename": "cmd/synthesize/main.go",
        "hashed_secret": "47d682ba04d3d85853768116f9f0fd95b5078373",
        "is_verified": false,
        "line_number": 452
      },
      {
        "type": "Secret Keyword",
        "filename": "cmd/synthesize/main.go",
        "hashed_secret": "809d3a47b32a750bb4be7b0f0ed7193f52199c8d",
        "is_verified": false,
        "line_number": 453
      },
      {
        "type": "Secret Keyword",
        "filename": "cmd/synthesize/main.go",
        "hashed_secret": "37f5794fb0313659a009b96b774d4e45320e2a1e",
        "is_verified": false,
        "line_number": 454
      }
    ],
    "cmd/websearch/main.go": [
      {
        "type": "Secret Keyword",
        "filename": "cmd/websearch/main.go",
        "hashed_secret": "347de19933e8a9911fcf4126d407646c4c37f890",
        "is_verified": false,
        "line_number": 188
      }
    ],
    "docs/playbooks/aws-lift-shift-guide.md": [
      {
        "type": "Base64 High Entropy String",
        "filename": "docs/playbooks/aws-lift-shift-guide.md",
        "hashed_secret": "fe9b62ddb7c5853c13912f8188b708a88f6f95e9",
        "is_verified": false,
        "line_number": 355
      }
    ],
    "docs/runbooks/aws-lift-shift-runbook.md": [
      {
        "type": "Base64 High Entropy String",
        "filename": "docs/runbooks/aws-lift-shift-runbook.md",
        "hashed_secret": "fe9b62ddb7c5853c13912f8188b708a88f6f95e9",
        "is_verified": false,
        "line_number": 181
      }
    ],
    "docs/runbooks/azure-dr-runbook.md": [
      {
        "type": "Base64 High Entropy String",
        "filename": "docs/runbooks/azure-dr-runbook.md",
        "hashed_secret": "b07d9497a0f3886ca47e8ccfefaef6d92ddc1994",
        "is_verified": false,
        "line_number": 147
      }
    ],
    "internal/openai/client.go": [
      {
        "type": "Secret Keyword",
        "filename": "internal/openai/client.go",
        "hashed_secret": "0b0e6e71225e99a0d4cd8918eb7583f03bc904eb",
        "is_verified": false,
        "line_number": 235
      },
      {
        "type": "Secret Keyword",
        "filename": "internal/openai/client.go",
        "hashed_secret": "b7242c29dfe78dacda4fe0e61b6e0b9a41a75dc8",
        "is_verified": false,
        "line_number": 415
      }
    ],
    "internal/synth/builder.go": [
      {
        "type": "Secret Keyword",
        "filename": "internal/synth/builder.go",
        "hashed_secret": "1ce0ff4b72db97c9cc4e1b0c4c3e61cb4c383ff2",
        "is_verified": false,
        "line_number": 71
      }
    ],
    "internal/synth/builder.go.backup": [
      {
        "type": "Secret Keyword",
        "filename": "internal/synth/builder.go.backup",
        "hashed_secret": "3af35753dc2c519865480273ab608ad977fc2600",
        "is_verified": false,
        "line_number": 1083
      }
    ],
    "internal/teams/webhook_validator.go": [
      {
        "type": "Secret Keyword",
        "filename": "internal/teams/webhook_validator.go",
        "hashed_secret": "379fa8f1cf6b44fa8e418a1431962ac26b83e39c",
        "is_verified": false,
        "line_number": 68
      }
    ]
  },
  "generated_at": "2025-07-09T20:55:39Z"
}
